#################################################################
# If you used AutoDock Vina in your work, please cite:          #
#                                                               #
# O. Trott, A. J. Olson,                                        #
# AutoDock Vina: improving the speed and accuracy of docking    #
# with a new scoring function, efficient optimization and       #
# multithreading, Journal of Computational Chemistry 31 (2010)  #
# 455-461                                                       #
#                                                               #
# DOI 10.1002/jcc.21334                                         #
#                                                               #
# Please see http://vina.scripps.edu for more information.      #
#################################################################

WARNING: The search space volume > 27000 Angstrom^3 (See FAQ)
Output will be res10_out.pdbqt
Detected 12 CPUs
Reading input ... done.
Setting up the scoring function ... done.
Analyzing the binding site ... done.
Using random seed: 1490204852
Performing search ... done.
Refining results ... done.

mode |   affinity | dist from best mode
     | (kcal/mol) | rmsd l.b.| rmsd u.b.
-----+------------+----------+----------
   1         -7.0      0.000      0.000
   2         -7.0      0.208      1.576
   3         -7.0      1.431      2.554
   4         -6.9      1.511      2.944
   5         -6.9      2.751      3.709
   6         -6.7      2.269     10.276
   7         -6.7      1.950      2.611
   8         -6.6      2.309      3.207
   9         -6.5      2.180      3.401
  10         -6.4      2.364      9.955
Writing output ... done.
