#################################################################
# If you used AutoDock Vina in your work, please cite:          #
#                                                               #
# O. Trott, A. J. Olson,                                        #
# AutoDock Vina: improving the speed and accuracy of docking    #
# with a new scoring function, efficient optimization and       #
# multithreading, Journal of Computational Chemistry 31 (2010)  #
# 455-461                                                       #
#                                                               #
# DOI 10.1002/jcc.21334                                         #
#                                                               #
# Please see http://vina.scripps.edu for more information.      #
#################################################################

WARNING: The search space volume > 27000 Angstrom^3 (See FAQ)
Output will be res58_out.pdbqt
Detected 12 CPUs
Reading input ... done.
Setting up the scoring function ... done.
Analyzing the binding site ... done.
Using random seed: -1550669992
Performing search ... done.
Refining results ... done.

mode |   affinity | dist from best mode
     | (kcal/mol) | rmsd l.b.| rmsd u.b.
-----+------------+----------+----------
   1         -6.5      0.000      0.000
   2         -6.5      0.169      2.591
   3         -6.2      1.523      8.522
   4         -6.1      1.430      8.624
   5         -5.8      3.796      9.150
   6         -5.7      3.625      9.418
   7         -5.7     12.263     13.537
   8         -5.7      1.698      3.282
   9         -5.7      6.164     12.054
  10         -5.7      6.192     11.908
Writing output ... done.
