#################################################################
# If you used AutoDock Vina in your work, please cite:          #
#                                                               #
# O. Trott, A. J. Olson,                                        #
# AutoDock Vina: improving the speed and accuracy of docking    #
# with a new scoring function, efficient optimization and       #
# multithreading, Journal of Computational Chemistry 31 (2010)  #
# 455-461                                                       #
#                                                               #
# DOI 10.1002/jcc.21334                                         #
#                                                               #
# Please see http://vina.scripps.edu for more information.      #
#################################################################

WARNING: The search space volume > 27000 Angstrom^3 (See FAQ)
Output will be res82_out.pdbqt
Detected 12 CPUs
Reading input ... done.
Setting up the scoring function ... done.
Analyzing the binding site ... done.
Using random seed: 2090032380
Performing search ... done.
Refining results ... done.

mode |   affinity | dist from best mode
     | (kcal/mol) | rmsd l.b.| rmsd u.b.
-----+------------+----------+----------
   1         -7.7      0.000      0.000
   2         -7.5      1.242      2.050
   3         -7.3      2.390      8.244
   4         -7.2     14.859     18.457
   5         -7.0      1.809      2.732
   6         -7.0      2.104      3.408
   7         -6.9      2.281      3.967
   8         -6.9      2.342      4.393
   9         -6.8      2.271      8.480
  10         -6.8      2.253      4.564
Writing output ... done.
