#################################################################
# If you used AutoDock Vina in your work, please cite:          #
#                                                               #
# O. Trott, A. J. Olson,                                        #
# AutoDock Vina: improving the speed and accuracy of docking    #
# with a new scoring function, efficient optimization and       #
# multithreading, Journal of Computational Chemistry 31 (2010)  #
# 455-461                                                       #
#                                                               #
# DOI 10.1002/jcc.21334                                         #
#                                                               #
# Please see http://vina.scripps.edu for more information.      #
#################################################################

WARNING: The search space volume > 27000 Angstrom^3 (See FAQ)
Output will be res9_out.pdbqt
Detected 12 CPUs
Reading input ... done.
Setting up the scoring function ... done.
Analyzing the binding site ... done.
Using random seed: 1787226808
Performing search ... done.
Refining results ... done.

mode |   affinity | dist from best mode
     | (kcal/mol) | rmsd l.b.| rmsd u.b.
-----+------------+----------+----------
   1         -7.0      0.000      0.000
   2         -6.8      4.167      6.884
   3         -6.8      2.026      6.595
   4         -6.7      1.230      6.402
   5         -6.7      1.342      2.988
   6         -6.5      2.195      6.393
   7         -6.5      3.542      7.794
   8         -6.5      4.207      8.023
   9         -6.4      2.371      6.529
  10         -6.4     11.798     14.985
Writing output ... done.
